// Jest Snapshot v1, https://goo.gl/fbAQLP

exports[`AuthenticatedApp Component Accessibility maintains proper semantic structure for authenticated state 1`] = `
<div
  data-testid="layout"
>
  Layout Component
</div>
`;
